define(["exports"], function (exports) {
  "use strict";

  Object.defineProperty(exports, "__esModule", {
    value: true
  });

  exports.default = function (props) {
    props.text.split(/\n/).map(function (line) {
      return React.createElement(
        "div",
        null,
        line
      );
    });
  };
});